C:\Program Files\Microsoft Visual Studio\2022\Community\MSBuild\Microsoft\VC\v170\Microsoft.CppBuild.targets(538,5): warning MSB8028: El directorio intermedio (x64\Debug\) contiene archivos compartidos de otro proyecto (P8_BFGP.vcxproj, P9_BFGP.vcxproj). Esto puede dar lugar a un comportamiento incorrecto de limpieza y recompilación.
  main.cpp
D:\Proyecto_Lab_CGeIHC\Proyecto\Proyecto\Window.h(12,36): warning C4244: 'return': conversión de 'GLint' a 'GLfloat'; posible pérdida de datos
  (compilando archivo de origen "main.cpp")
  
D:\Proyecto_Lab_CGeIHC\Proyecto\Proyecto\Window.h(13,37): warning C4244: 'return': conversión de 'GLint' a 'GLfloat'; posible pérdida de datos
  (compilando archivo de origen "main.cpp")
  
D:\Proyecto_Lab_CGeIHC\Proyecto\Proyecto\main.cpp(202,24): warning C4267: 'inicializando': conversión de 'size_t' a 'unsigned int'; posible pérdida de datos
D:\Proyecto_Lab_CGeIHC\Proyecto\Proyecto\main.cpp(545,15): warning C4244: 'inicializando': conversión de 'double' a 'GLfloat'; posible pérdida de datos
D:\Proyecto_Lab_CGeIHC\Proyecto\Proyecto\main.cpp(547,33): warning C4244: '+=': conversión de 'double' a 'GLfloat'; posible pérdida de datos
D:\Proyecto_Lab_CGeIHC\Proyecto\Proyecto\main.cpp(659,23): warning C4244: '+=': conversión de 'double' a 'float'; posible pérdida de datos
D:\Proyecto_Lab_CGeIHC\Proyecto\Proyecto\main.cpp(733,33): warning C4244: '=': conversión de 'double' a 'float'; posible pérdida de datos
D:\Proyecto_Lab_CGeIHC\Proyecto\Proyecto\main.cpp(734,47): warning C4244: '=': conversión de 'double' a 'float'; posible pérdida de datos
D:\Proyecto_Lab_CGeIHC\Proyecto\Proyecto\main.cpp(759,29): warning C4244: '=': conversión de 'double' a 'float'; posible pérdida de datos
D:\Proyecto_Lab_CGeIHC\Proyecto\Proyecto\main.cpp(760,29): warning C4244: '=': conversión de 'double' a 'float'; posible pérdida de datos
D:\Proyecto_Lab_CGeIHC\Proyecto\Proyecto\main.cpp(836,33): warning C4244: '=': conversión de 'double' a 'float'; posible pérdida de datos
D:\Proyecto_Lab_CGeIHC\Proyecto\Proyecto\main.cpp(837,47): warning C4244: '=': conversión de 'double' a 'float'; posible pérdida de datos
D:\Proyecto_Lab_CGeIHC\Proyecto\Proyecto\main.cpp(862,29): warning C4244: '=': conversión de 'double' a 'float'; posible pérdida de datos
D:\Proyecto_Lab_CGeIHC\Proyecto\Proyecto\main.cpp(863,29): warning C4244: '=': conversión de 'double' a 'float'; posible pérdida de datos
D:\Proyecto_Lab_CGeIHC\Proyecto\Proyecto\main.cpp(934,22): warning C4305: '+=': truncamiento de 'double' a 'float'
D:\Proyecto_Lab_CGeIHC\Proyecto\Proyecto\main.cpp(1016,26): warning C4244: '+=': conversión de 'double' a 'float'; posible pérdida de datos
D:\Proyecto_Lab_CGeIHC\Proyecto\Proyecto\main.cpp(1025,30): warning C4244: '+=': conversión de 'double' a 'float'; posible pérdida de datos
D:\Proyecto_Lab_CGeIHC\Proyecto\Proyecto\main.cpp(1032,30): warning C4244: '-=': conversión de 'double' a 'float'; posible pérdida de datos
D:\Proyecto_Lab_CGeIHC\Proyecto\Proyecto\main.cpp(1040,30): warning C4244: '+=': conversión de 'double' a 'float'; posible pérdida de datos
D:\Proyecto_Lab_CGeIHC\Proyecto\Proyecto\main.cpp(1047,30): warning C4244: '-=': conversión de 'double' a 'float'; posible pérdida de datos
D:\Proyecto_Lab_CGeIHC\Proyecto\Proyecto\main.cpp(1054,30): warning C4244: '+=': conversión de 'double' a 'float'; posible pérdida de datos
D:\Proyecto_Lab_CGeIHC\Proyecto\Proyecto\main.cpp(1061,30): warning C4244: '-=': conversión de 'double' a 'float'; posible pérdida de datos
  Proyecto.vcxproj -> D:\Proyecto_Lab_CGeIHC\Proyecto\x64\Debug\Proyecto.exe
