  Camera.cpp
  DirectionalLight.cpp
  keyframes.cpp
D:\UNAM\Proyecto_Lab_CGeIHC\Proyecto\Proyecto\DirectionalLight.cpp(22,22): warning C4305: '=': truncamiento de 'double' a 'GLfloat'
D:\UNAM\Proyecto_Lab_CGeIHC\Proyecto\Proyecto\DirectionalLight.cpp(43,14): warning C4244: 'argumento': conversión de 'GLfloat' a 'GLint'; posible pérdida de datos
D:\UNAM\Proyecto_Lab_CGeIHC\Proyecto\Proyecto\DirectionalLight.cpp(44,14): warning C4244: 'argumento': conversión de 'GLfloat' a 'GLint'; posible pérdida de datos
D:\UNAM\Proyecto_Lab_CGeIHC\Proyecto\Proyecto\DirectionalLight.cpp(46,14): warning C4244: 'argumento': conversión de 'GLfloat' a 'GLint'; posible pérdida de datos
D:\UNAM\Proyecto_Lab_CGeIHC\Proyecto\Proyecto\DirectionalLight.cpp(47,14): warning C4244: 'argumento': conversión de 'GLfloat' a 'GLint'; posible pérdida de datos
  Light.cpp
  main.cpp
D:\UNAM\Proyecto_Lab_CGeIHC\Proyecto\Proyecto\Window.h(16,36): warning C4244: 'return': conversión de 'GLint' a 'GLfloat'; posible pérdida de datos
  (compilando archivo de origen "main.cpp")
  
D:\UNAM\Proyecto_Lab_CGeIHC\Proyecto\Proyecto\Window.h(17,37): warning C4244: 'return': conversión de 'GLint' a 'GLfloat'; posible pérdida de datos
  (compilando archivo de origen "main.cpp")
  
D:\UNAM\Proyecto_Lab_CGeIHC\Proyecto\Proyecto\main.cpp(353,24): warning C4267: 'inicializando': conversión de 'size_t' a 'unsigned int'; posible pérdida de datos
D:\UNAM\Proyecto_Lab_CGeIHC\Proyecto\Proyecto\main.cpp(958,42): warning C4305: 'argumento': truncamiento de 'double' a 'GLfloat'
D:\UNAM\Proyecto_Lab_CGeIHC\Proyecto\Proyecto\main.cpp(958,35): warning C4305: 'argumento': truncamiento de 'double' a 'GLfloat'
D:\UNAM\Proyecto_Lab_CGeIHC\Proyecto\Proyecto\main.cpp(964,42): warning C4305: 'argumento': truncamiento de 'double' a 'GLfloat'
D:\UNAM\Proyecto_Lab_CGeIHC\Proyecto\Proyecto\main.cpp(964,35): warning C4305: 'argumento': truncamiento de 'double' a 'GLfloat'
D:\UNAM\Proyecto_Lab_CGeIHC\Proyecto\Proyecto\main.cpp(970,42): warning C4305: 'argumento': truncamiento de 'double' a 'GLfloat'
D:\UNAM\Proyecto_Lab_CGeIHC\Proyecto\Proyecto\main.cpp(970,35): warning C4305: 'argumento': truncamiento de 'double' a 'GLfloat'
D:\UNAM\Proyecto_Lab_CGeIHC\Proyecto\Proyecto\main.cpp(976,42): warning C4305: 'argumento': truncamiento de 'double' a 'GLfloat'
D:\UNAM\Proyecto_Lab_CGeIHC\Proyecto\Proyecto\main.cpp(976,35): warning C4305: 'argumento': truncamiento de 'double' a 'GLfloat'
D:\UNAM\Proyecto_Lab_CGeIHC\Proyecto\Proyecto\main.cpp(1137,15): warning C4244: 'inicializando': conversión de 'double' a 'GLfloat'; posible pérdida de datos
D:\UNAM\Proyecto_Lab_CGeIHC\Proyecto\Proyecto\main.cpp(1139,33): warning C4244: '+=': conversión de 'double' a 'GLfloat'; posible pérdida de datos
D:\UNAM\Proyecto_Lab_CGeIHC\Proyecto\Proyecto\main.cpp(1406,23): warning C4244: '+=': conversión de 'double' a 'float'; posible pérdida de datos
D:\UNAM\Proyecto_Lab_CGeIHC\Proyecto\Proyecto\main.cpp(1481,33): warning C4244: '=': conversión de 'double' a 'float'; posible pérdida de datos
D:\UNAM\Proyecto_Lab_CGeIHC\Proyecto\Proyecto\main.cpp(1482,47): warning C4244: '=': conversión de 'double' a 'float'; posible pérdida de datos
D:\UNAM\Proyecto_Lab_CGeIHC\Proyecto\Proyecto\main.cpp(1507,29): warning C4244: '=': conversión de 'double' a 'float'; posible pérdida de datos
D:\UNAM\Proyecto_Lab_CGeIHC\Proyecto\Proyecto\main.cpp(1508,29): warning C4244: '=': conversión de 'double' a 'float'; posible pérdida de datos
D:\UNAM\Proyecto_Lab_CGeIHC\Proyecto\Proyecto\main.cpp(1586,33): warning C4244: '=': conversión de 'double' a 'float'; posible pérdida de datos
D:\UNAM\Proyecto_Lab_CGeIHC\Proyecto\Proyecto\main.cpp(1587,47): warning C4244: '=': conversión de 'double' a 'float'; posible pérdida de datos
D:\UNAM\Proyecto_Lab_CGeIHC\Proyecto\Proyecto\main.cpp(1612,29): warning C4244: '=': conversión de 'double' a 'float'; posible pérdida de datos
D:\UNAM\Proyecto_Lab_CGeIHC\Proyecto\Proyecto\main.cpp(1613,29): warning C4244: '=': conversión de 'double' a 'float'; posible pérdida de datos
D:\UNAM\Proyecto_Lab_CGeIHC\Proyecto\Proyecto\main.cpp(1897,22): warning C4305: '+=': truncamiento de 'double' a 'float'
D:\UNAM\Proyecto_Lab_CGeIHC\Proyecto\Proyecto\main.cpp(1983,26): warning C4244: '+=': conversión de 'double' a 'float'; posible pérdida de datos
D:\UNAM\Proyecto_Lab_CGeIHC\Proyecto\Proyecto\main.cpp(1992,30): warning C4244: '+=': conversión de 'double' a 'float'; posible pérdida de datos
D:\UNAM\Proyecto_Lab_CGeIHC\Proyecto\Proyecto\main.cpp(1999,30): warning C4244: '-=': conversión de 'double' a 'float'; posible pérdida de datos
D:\UNAM\Proyecto_Lab_CGeIHC\Proyecto\Proyecto\main.cpp(2064,20): warning C4244: '+=': conversión de 'double' a 'float'; posible pérdida de datos
D:\UNAM\Proyecto_Lab_CGeIHC\Proyecto\Proyecto\main.cpp(2471,22): warning C4244: '+=': conversión de 'double' a 'float'; posible pérdida de datos
D:\UNAM\Proyecto_Lab_CGeIHC\Proyecto\Proyecto\main.cpp(2481,22): warning C4244: '-=': conversión de 'double' a 'float'; posible pérdida de datos
D:\UNAM\Proyecto_Lab_CGeIHC\Proyecto\Proyecto\main.cpp(1114,12): warning C4101: 'posicioncam': variable local sin referencia
  Material.cpp
  Mesh_tn.cpp
  Model.cpp
D:\UNAM\Proyecto_Lab_CGeIHC\Proyecto\Proyecto\Model.cpp(19,88): warning C4474: "printf": se pasaron demasiados argumentos para la cadena de formato
      D:\UNAM\Proyecto_Lab_CGeIHC\Proyecto\Proyecto\Model.cpp(19,88):
      los marcadores de posición y sus parámetros esperan 1 argumentos variádicos, pero se proporcionaron 2
  
D:\UNAM\Proyecto_Lab_CGeIHC\Proyecto\Proyecto\Model.cpp(54,7): warning C4804: '<': uso no seguro del tipo 'bool' en la operación
D:\UNAM\Proyecto_Lab_CGeIHC\Proyecto\Proyecto\Model.cpp(113,78): warning C4267: 'argumento': conversión de 'size_t' a 'unsigned int'; posible pérdida de datos
D:\UNAM\Proyecto_Lab_CGeIHC\Proyecto\Proyecto\Model.cpp(113,62): warning C4267: 'argumento': conversión de 'size_t' a 'unsigned int'; posible pérdida de datos
D:\UNAM\Proyecto_Lab_CGeIHC\Proyecto\Proyecto\Model.cpp(136,40): warning C4267: '=': conversión de 'size_t' a 'int'; posible pérdida de datos
D:\UNAM\Proyecto_Lab_CGeIHC\Proyecto\Proyecto\Model.cpp(145,40): warning C4267: '=': conversión de 'size_t' a 'int'; posible pérdida de datos
  PointLight.cpp
D:\UNAM\Proyecto_Lab_CGeIHC\Proyecto\Proyecto\PointLight.cpp(28,14): warning C4244: 'argumento': conversión de 'GLfloat' a 'GLint'; posible pérdida de datos
D:\UNAM\Proyecto_Lab_CGeIHC\Proyecto\Proyecto\PointLight.cpp(29,14): warning C4244: 'argumento': conversión de 'GLfloat' a 'GLint'; posible pérdida de datos
D:\UNAM\Proyecto_Lab_CGeIHC\Proyecto\Proyecto\PointLight.cpp(30,14): warning C4244: 'argumento': conversión de 'GLfloat' a 'GLint'; posible pérdida de datos
D:\UNAM\Proyecto_Lab_CGeIHC\Proyecto\Proyecto\PointLight.cpp(32,14): warning C4244: 'argumento': conversión de 'GLfloat' a 'GLint'; posible pérdida de datos
D:\UNAM\Proyecto_Lab_CGeIHC\Proyecto\Proyecto\PointLight.cpp(33,14): warning C4244: 'argumento': conversión de 'GLfloat' a 'GLint'; posible pérdida de datos
D:\UNAM\Proyecto_Lab_CGeIHC\Proyecto\Proyecto\PointLight.cpp(34,14): warning C4244: 'argumento': conversión de 'GLfloat' a 'GLint'; posible pérdida de datos
D:\UNAM\Proyecto_Lab_CGeIHC\Proyecto\Proyecto\PointLight.cpp(35,14): warning C4244: 'argumento': conversión de 'GLfloat' a 'GLint'; posible pérdida de datos
  Shader_light.cpp
D:\UNAM\Proyecto_Lab_CGeIHC\Proyecto\Proyecto\Shader_light.cpp(103,38): warning C4477: 'snprintf' : la cadena de formato '%d' requiere un argumento de tipo 'int', pero el argumento variádico 1 tiene el tipo 'size_t'
      D:\UNAM\Proyecto_Lab_CGeIHC\Proyecto\Proyecto\Shader_light.cpp(103,38):
      considere el uso de ' %zd' en la cadena de formato
  
D:\UNAM\Proyecto_Lab_CGeIHC\Proyecto\Proyecto\Shader_light.cpp(106,38): warning C4477: 'snprintf' : la cadena de formato '%d' requiere un argumento de tipo 'int', pero el argumento variádico 1 tiene el tipo 'size_t'
      D:\UNAM\Proyecto_Lab_CGeIHC\Proyecto\Proyecto\Shader_light.cpp(106,38):
      considere el uso de ' %zd' en la cadena de formato
  
D:\UNAM\Proyecto_Lab_CGeIHC\Proyecto\Proyecto\Shader_light.cpp(109,38): warning C4477: 'snprintf' : la cadena de formato '%d' requiere un argumento de tipo 'int', pero el argumento variádico 1 tiene el tipo 'size_t'
      D:\UNAM\Proyecto_Lab_CGeIHC\Proyecto\Proyecto\Shader_light.cpp(109,38):
      considere el uso de ' %zd' en la cadena de formato
  
D:\UNAM\Proyecto_Lab_CGeIHC\Proyecto\Proyecto\Shader_light.cpp(112,38): warning C4477: 'snprintf' : la cadena de formato '%d' requiere un argumento de tipo 'int', pero el argumento variádico 1 tiene el tipo 'size_t'
      D:\UNAM\Proyecto_Lab_CGeIHC\Proyecto\Proyecto\Shader_light.cpp(112,38):
      considere el uso de ' %zd' en la cadena de formato
  
D:\UNAM\Proyecto_Lab_CGeIHC\Proyecto\Proyecto\Shader_light.cpp(115,38): warning C4477: 'snprintf' : la cadena de formato '%d' requiere un argumento de tipo 'int', pero el argumento variádico 1 tiene el tipo 'size_t'
      D:\UNAM\Proyecto_Lab_CGeIHC\Proyecto\Proyecto\Shader_light.cpp(115,38):
      considere el uso de ' %zd' en la cadena de formato
  
D:\UNAM\Proyecto_Lab_CGeIHC\Proyecto\Proyecto\Shader_light.cpp(118,38): warning C4477: 'snprintf' : la cadena de formato '%d' requiere un argumento de tipo 'int', pero el argumento variádico 1 tiene el tipo 'size_t'
      D:\UNAM\Proyecto_Lab_CGeIHC\Proyecto\Proyecto\Shader_light.cpp(118,38):
      considere el uso de ' %zd' en la cadena de formato
  
D:\UNAM\Proyecto_Lab_CGeIHC\Proyecto\Proyecto\Shader_light.cpp(121,38): warning C4477: 'snprintf' : la cadena de formato '%d' requiere un argumento de tipo 'int', pero el argumento variádico 1 tiene el tipo 'size_t'
      D:\UNAM\Proyecto_Lab_CGeIHC\Proyecto\Proyecto\Shader_light.cpp(121,38):
      considere el uso de ' %zd' en la cadena de formato
  
D:\UNAM\Proyecto_Lab_CGeIHC\Proyecto\Proyecto\Shader_light.cpp(131,38): warning C4477: 'snprintf' : la cadena de formato '%d' requiere un argumento de tipo 'int', pero el argumento variádico 1 tiene el tipo 'size_t'
      D:\UNAM\Proyecto_Lab_CGeIHC\Proyecto\Proyecto\Shader_light.cpp(131,38):
      considere el uso de ' %zd' en la cadena de formato
  
D:\UNAM\Proyecto_Lab_CGeIHC\Proyecto\Proyecto\Shader_light.cpp(134,38): warning C4477: 'snprintf' : la cadena de formato '%d' requiere un argumento de tipo 'int', pero el argumento variádico 1 tiene el tipo 'size_t'
      D:\UNAM\Proyecto_Lab_CGeIHC\Proyecto\Proyecto\Shader_light.cpp(134,38):
      considere el uso de ' %zd' en la cadena de formato
  
D:\UNAM\Proyecto_Lab_CGeIHC\Proyecto\Proyecto\Shader_light.cpp(137,38): warning C4477: 'snprintf' : la cadena de formato '%d' requiere un argumento de tipo 'int', pero el argumento variádico 1 tiene el tipo 'size_t'
      D:\UNAM\Proyecto_Lab_CGeIHC\Proyecto\Proyecto\Shader_light.cpp(137,38):
      considere el uso de ' %zd' en la cadena de formato
  
D:\UNAM\Proyecto_Lab_CGeIHC\Proyecto\Proyecto\Shader_light.cpp(140,38): warning C4477: 'snprintf' : la cadena de formato '%d' requiere un argumento de tipo 'int', pero el argumento variádico 1 tiene el tipo 'size_t'
      D:\UNAM\Proyecto_Lab_CGeIHC\Proyecto\Proyecto\Shader_light.cpp(140,38):
      considere el uso de ' %zd' en la cadena de formato
  
D:\UNAM\Proyecto_Lab_CGeIHC\Proyecto\Proyecto\Shader_light.cpp(143,38): warning C4477: 'snprintf' : la cadena de formato '%d' requiere un argumento de tipo 'int', pero el argumento variádico 1 tiene el tipo 'size_t'
      D:\UNAM\Proyecto_Lab_CGeIHC\Proyecto\Proyecto\Shader_light.cpp(143,38):
      considere el uso de ' %zd' en la cadena de formato
  
D:\UNAM\Proyecto_Lab_CGeIHC\Proyecto\Proyecto\Shader_light.cpp(146,38): warning C4477: 'snprintf' : la cadena de formato '%d' requiere un argumento de tipo 'int', pero el argumento variádico 1 tiene el tipo 'size_t'
      D:\UNAM\Proyecto_Lab_CGeIHC\Proyecto\Proyecto\Shader_light.cpp(146,38):
      considere el uso de ' %zd' en la cadena de formato
  
D:\UNAM\Proyecto_Lab_CGeIHC\Proyecto\Proyecto\Shader_light.cpp(149,38): warning C4477: 'snprintf' : la cadena de formato '%d' requiere un argumento de tipo 'int', pero el argumento variádico 1 tiene el tipo 'size_t'
      D:\UNAM\Proyecto_Lab_CGeIHC\Proyecto\Proyecto\Shader_light.cpp(149,38):
      considere el uso de ' %zd' en la cadena de formato
  
D:\UNAM\Proyecto_Lab_CGeIHC\Proyecto\Proyecto\Shader_light.cpp(152,38): warning C4477: 'snprintf' : la cadena de formato '%d' requiere un argumento de tipo 'int', pero el argumento variádico 1 tiene el tipo 'size_t'
      D:\UNAM\Proyecto_Lab_CGeIHC\Proyecto\Proyecto\Shader_light.cpp(152,38):
      considere el uso de ' %zd' en la cadena de formato
  
D:\UNAM\Proyecto_Lab_CGeIHC\Proyecto\Proyecto\Shader_light.cpp(155,38): warning C4477: 'snprintf' : la cadena de formato '%d' requiere un argumento de tipo 'int', pero el argumento variádico 1 tiene el tipo 'size_t'
      D:\UNAM\Proyecto_Lab_CGeIHC\Proyecto\Proyecto\Shader_light.cpp(155,38):
      considere el uso de ' %zd' en la cadena de formato
  
D:\UNAM\Proyecto_Lab_CGeIHC\Proyecto\Proyecto\Shader_light.cpp(220,75): warning C4244: 'argumento': conversión de 'GLuint' a 'GLfloat'; posible pérdida de datos
D:\UNAM\Proyecto_Lab_CGeIHC\Proyecto\Proyecto\Shader_light.cpp(220,26): warning C4244: 'argumento': conversión de 'GLuint' a 'GLfloat'; posible pérdida de datos
D:\UNAM\Proyecto_Lab_CGeIHC\Proyecto\Proyecto\Shader_light.cpp(219,91): warning C4244: 'argumento': conversión de 'GLuint' a 'GLfloat'; posible pérdida de datos
D:\UNAM\Proyecto_Lab_CGeIHC\Proyecto\Proyecto\Shader_light.cpp(219,42): warning C4244: 'argumento': conversión de 'GLuint' a 'GLfloat'; posible pérdida de datos
D:\UNAM\Proyecto_Lab_CGeIHC\Proyecto\Proyecto\Shader_light.cpp(233,98): warning C4244: 'argumento': conversión de 'GLuint' a 'GLfloat'; posible pérdida de datos
D:\UNAM\Proyecto_Lab_CGeIHC\Proyecto\Proyecto\Shader_light.cpp(233,62): warning C4244: 'argumento': conversión de 'GLuint' a 'GLfloat'; posible pérdida de datos
D:\UNAM\Proyecto_Lab_CGeIHC\Proyecto\Proyecto\Shader_light.cpp(233,24): warning C4244: 'argumento': conversión de 'GLuint' a 'GLfloat'; posible pérdida de datos
D:\UNAM\Proyecto_Lab_CGeIHC\Proyecto\Proyecto\Shader_light.cpp(232,70): warning C4244: 'argumento': conversión de 'GLuint' a 'GLfloat'; posible pérdida de datos
D:\UNAM\Proyecto_Lab_CGeIHC\Proyecto\Proyecto\Shader_light.cpp(232,24): warning C4244: 'argumento': conversión de 'GLuint' a 'GLfloat'; posible pérdida de datos
D:\UNAM\Proyecto_Lab_CGeIHC\Proyecto\Proyecto\Shader_light.cpp(231,88): warning C4244: 'argumento': conversión de 'GLuint' a 'GLfloat'; posible pérdida de datos
D:\UNAM\Proyecto_Lab_CGeIHC\Proyecto\Proyecto\Shader_light.cpp(231,42): warning C4244: 'argumento': conversión de 'GLuint' a 'GLfloat'; posible pérdida de datos
D:\UNAM\Proyecto_Lab_CGeIHC\Proyecto\Proyecto\Shader_light.cpp(283,24): warning C4267: '=': conversión de 'size_t' a 'GLint'; posible pérdida de datos
  Skybox.cpp
D:\UNAM\Proyecto_Lab_CGeIHC\Proyecto\Proyecto\Skybox.cpp(24,47): warning C4267: 'argumento': conversión de 'size_t' a 'GLenum'; posible pérdida de datos
  Sphere.cpp
D:\UNAM\Proyecto_Lab_CGeIHC\Proyecto\Proyecto\Sphere.cpp(39,13): warning C4244: 'inicializando': conversión de 'double' a 'float'; posible pérdida de datos
D:\UNAM\Proyecto_Lab_CGeIHC\Proyecto\Proyecto\Sphere.cpp(43,16): warning C4244: 'inicializando': conversión de 'double' a 'float'; posible pérdida de datos
D:\UNAM\Proyecto_Lab_CGeIHC\Proyecto\Proyecto\Sphere.cpp(91,50): warning C4267: 'argumento': conversión de 'size_t' a 'GLsizei'; posible pérdida de datos
D:\UNAM\Proyecto_Lab_CGeIHC\Proyecto\Proyecto\Sphere.cpp(94,51): warning C4267: 'argumento': conversión de 'size_t' a 'GLsizei'; posible pérdida de datos
D:\UNAM\Proyecto_Lab_CGeIHC\Proyecto\Proyecto\Sphere.cpp(98,50): warning C4267: 'argumento': conversión de 'size_t' a 'GLsizei'; posible pérdida de datos
D:\UNAM\Proyecto_Lab_CGeIHC\Proyecto\Proyecto\Sphere.cpp(108,42): warning C4267: 'argumento': conversión de 'size_t' a 'GLsizei'; posible pérdida de datos
  SpotLight.cpp
  Texture.cpp
  Window.cpp
D:\UNAM\Proyecto_Lab_CGeIHC\Proyecto\Proyecto\Window.h(16,36): warning C4244: 'return': conversión de 'GLint' a 'GLfloat'; posible pérdida de datos
  (compilando archivo de origen "Window.cpp")
  
D:\UNAM\Proyecto_Lab_CGeIHC\Proyecto\Proyecto\Window.h(17,37): warning C4244: 'return': conversión de 'GLint' a 'GLfloat'; posible pérdida de datos
  (compilando archivo de origen "Window.cpp")
  
D:\UNAM\Proyecto_Lab_CGeIHC\Proyecto\Proyecto\Window.cpp(318,22): warning C4244: '=': conversión de 'double' a 'GLfloat'; posible pérdida de datos
D:\UNAM\Proyecto_Lab_CGeIHC\Proyecto\Proyecto\Window.cpp(319,22): warning C4244: '=': conversión de 'double' a 'GLfloat'; posible pérdida de datos
D:\UNAM\Proyecto_Lab_CGeIHC\Proyecto\Proyecto\Window.cpp(323,28): warning C4244: '=': conversión de 'double' a 'GLfloat'; posible pérdida de datos
D:\UNAM\Proyecto_Lab_CGeIHC\Proyecto\Proyecto\Window.cpp(324,40): warning C4244: '=': conversión de 'double' a 'GLfloat'; posible pérdida de datos
D:\UNAM\Proyecto_Lab_CGeIHC\Proyecto\Proyecto\Window.cpp(326,21): warning C4244: '=': conversión de 'double' a 'GLfloat'; posible pérdida de datos
D:\UNAM\Proyecto_Lab_CGeIHC\Proyecto\Proyecto\Window.cpp(327,21): warning C4244: '=': conversión de 'double' a 'GLfloat'; posible pérdida de datos
  Generando código
  Previous IPDB not found, fall back to full compilation.
D:\UNAM\Proyecto_Lab_CGeIHC\Proyecto\Proyecto\Window.cpp(109): warning C4715: 'Window::Initialise': no todas las rutas de acceso de control devuelven un valor
  All 1212 functions were compiled because no usable IPDB/IOBJ from previous compilation was found.
  Generación de código finalizada
  Proyecto.vcxproj -> D:\UNAM\Proyecto_Lab_CGeIHC\Proyecto\x64\Release\Proyecto.exe
